

================================================================
== Vitis HLS Report for 'matrixmul'
================================================================
* Date:           Sun Mar 12 16:03:04 2023

* Version:        2022.1 (Build 3526262 on Mon Apr 18 15:47:01 MDT 2022)
* Project:        matrixmul
* Solution:       solution1 (Vivado IP Flow Target)
* Product family: virtexuplus
* Target device:  xcu50-fsvh2104-2-e


================================================================
== Performance Estimates
================================================================
+ Timing: 
    * Summary: 
    +--------+----------+----------+------------+
    |  Clock |  Target  | Estimated| Uncertainty|
    +--------+----------+----------+------------+
    |ap_clk  |  13.33 ns|  1.663 ns|     3.60 ns|
    +--------+----------+----------+------------+

+ Latency: 
    * Summary: 
    +---------+---------+----------+----------+-----+-----+---------+
    |  Latency (cycles) |  Latency (absolute) |  Interval | Pipeline|
    |   min   |   max   |    min   |    max   | min | max |   Type  |
    +---------+---------+----------+----------+-----+-----+---------+
    |      160|      160|  2.133 us|  2.133 us|  161|  161|       no|
    +---------+---------+----------+----------+-----+-----+---------+

    + Detail: 
        * Instance: 
        N/A

        * Loop: 
        +--------------+---------+---------+----------+-----------+-----------+------+----------+
        |              |  Latency (cycles) | Iteration|  Initiation Interval  | Trip |          |
        |   Loop Name  |   min   |   max   |  Latency |  achieved |   target  | Count| Pipelined|
        +--------------+---------+---------+----------+-----------+-----------+------+----------+
        |- Row         |      159|      159|        53|          -|          -|     3|        no|
        | + Col        |       51|       51|        17|          -|          -|     3|        no|
        |  ++ Product  |       15|       15|         5|          -|          -|     3|        no|
        +--------------+---------+---------+----------+-----------+-----------+------+----------+



================================================================
== Utilization Estimates
================================================================
* Summary: 
+---------------------+---------+------+---------+--------+-----+
|         Name        | BRAM_18K|  DSP |    FF   |   LUT  | URAM|
+---------------------+---------+------+---------+--------+-----+
|DSP                  |        -|     1|        -|       -|    -|
|Expression           |        -|     -|        0|     101|    -|
|FIFO                 |        -|     -|        -|       -|    -|
|Instance             |        -|     -|        -|       -|    -|
|Memory               |        -|     -|        -|       -|    -|
|Multiplexer          |        -|     -|        -|      85|    -|
|Register             |        -|     -|       46|       -|    -|
+---------------------+---------+------+---------+--------+-----+
|Total                |        0|     1|       46|     186|    0|
+---------------------+---------+------+---------+--------+-----+
|Available SLR        |     1344|  2976|   871680|  435840|  320|
+---------------------+---------+------+---------+--------+-----+
|Utilization SLR (%)  |        0|    ~0|       ~0|      ~0|    0|
+---------------------+---------+------+---------+--------+-----+
|Available            |     2688|  5952|  1743360|  871680|  640|
+---------------------+---------+------+---------+--------+-----+
|Utilization (%)      |        0|    ~0|       ~0|      ~0|    0|
+---------------------+---------+------+---------+--------+-----+

+ Detail: 
    * Instance: 
    N/A

    * DSP: 
    +---------------------------------+------------------------------+--------------+
    |             Instance            |            Module            |  Expression  |
    +---------------------------------+------------------------------+--------------+
    |mac_muladd_8s_8s_16ns_16_4_1_U1  |mac_muladd_8s_8s_16ns_16_4_1  |  i0 * i1 + i2|
    +---------------------------------+------------------------------+--------------+

    * Memory: 
    N/A

    * FIFO: 
    N/A

    * Expression: 
    +----------------------+----------+----+---+----+------------+------------+
    |     Variable Name    | Operation| DSP| FF| LUT| Bitwidth P0| Bitwidth P1|
    +----------------------+----------+----+---+----+------------+------------+
    |add_ln54_fu_157_p2    |         +|   0|  0|   9|           2|           1|
    |add_ln56_fu_183_p2    |         +|   0|  0|   9|           2|           1|
    |add_ln57_fu_167_p2    |         +|   0|  0|  12|           4|           4|
    |add_ln59_fu_237_p2    |         +|   0|  0|   9|           2|           1|
    |add_ln60_1_fu_197_p2  |         +|   0|  0|  12|           4|           4|
    |add_ln60_2_fu_221_p2  |         +|   0|  0|   7|           4|           4|
    |sub_ln60_1_fu_215_p2  |         -|   0|  0|   7|           4|           4|
    |sub_ln60_fu_145_p2    |         -|   0|  0|  12|           4|           4|
    |icmp_ln54_fu_151_p2   |      icmp|   0|  0|   8|           2|           2|
    |icmp_ln56_fu_177_p2   |      icmp|   0|  0|   8|           2|           2|
    |icmp_ln59_fu_231_p2   |      icmp|   0|  0|   8|           2|           2|
    +----------------------+----------+----+---+----+------------+------------+
    |Total                 |          |   0|  0| 101|          32|          29|
    +----------------------+----------+----+---+----+------------+------------+

    * Multiplexer: 
    +-----------------+----+-----------+-----+-----------+
    |       Name      | LUT| Input Size| Bits| Total Bits|
    +-----------------+----+-----------+-----+-----------+
    |ap_NS_fsm        |  49|          9|    1|          9|
    |empty_9_reg_112  |   9|          2|   16|         32|
    |i_fu_48          |   9|          2|    2|          4|
    |j_reg_90         |   9|          2|    2|          4|
    |k_reg_101        |   9|          2|    2|          4|
    +-----------------+----+-----------+-----+-----------+
    |Total            |  85|         17|   23|         53|
    +-----------------+----+-----------+-----+-----------+

    * Register: 
    +-------------------+----+----+-----+-----------+
    |        Name       | FF | LUT| Bits| Const Bits|
    +-------------------+----+----+-----+-----------+
    |add_ln54_reg_275   |   2|   0|    2|          0|
    |add_ln56_reg_293   |   2|   0|    2|          0|
    |add_ln59_reg_311   |   2|   0|    2|          0|
    |ap_CS_fsm          |   8|   0|    8|          0|
    |empty_9_reg_112    |  16|   0|   16|          0|
    |i_fu_48            |   2|   0|    2|          0|
    |j_reg_90           |   2|   0|    2|          0|
    |k_reg_101          |   2|   0|    2|          0|
    |res_addr_reg_285   |   4|   0|    4|          0|
    |sub_ln60_reg_266   |   4|   0|    4|          0|
    |zext_ln57_reg_280  |   2|   0|    4|          2|
    +-------------------+----+----+-----+-----------+
    |Total              |  46|   0|   48|          2|
    +-------------------+----+----+-----+-----------+



================================================================
== Interface
================================================================
* Summary: 
+--------------+-----+-----+------------+--------------+--------------+
|   RTL Ports  | Dir | Bits|  Protocol  | Source Object|    C Type    |
+--------------+-----+-----+------------+--------------+--------------+
|ap_clk        |   in|    1|  ap_ctrl_hs|     matrixmul|  return value|
|ap_rst        |   in|    1|  ap_ctrl_hs|     matrixmul|  return value|
|ap_start      |   in|    1|  ap_ctrl_hs|     matrixmul|  return value|
|ap_done       |  out|    1|  ap_ctrl_hs|     matrixmul|  return value|
|ap_idle       |  out|    1|  ap_ctrl_hs|     matrixmul|  return value|
|ap_ready      |  out|    1|  ap_ctrl_hs|     matrixmul|  return value|
|a_address0    |  out|    4|   ap_memory|             a|         array|
|a_ce0         |  out|    1|   ap_memory|             a|         array|
|a_q0          |   in|    8|   ap_memory|             a|         array|
|b_address0    |  out|    4|   ap_memory|             b|         array|
|b_ce0         |  out|    1|   ap_memory|             b|         array|
|b_q0          |   in|    8|   ap_memory|             b|         array|
|res_address0  |  out|    4|   ap_memory|           res|         array|
|res_ce0       |  out|    1|   ap_memory|           res|         array|
|res_we0       |  out|    1|   ap_memory|           res|         array|
|res_d0        |  out|   16|   ap_memory|           res|         array|
+--------------+-----+-----+------------+--------------+--------------+

============================================================
+ Verbose Summary: Synthesis Manager
============================================================
InlineROM: 1
ExposeGlobal: 0
============================================================
+ Verbose Summary: CDFG Model
============================================================
IsTopModel: 1
ResetActiveHigh: 1
IsCombinational: 2
IsDatapathOnly: 2
HasWiredReturn: 1
HasMFsm: 0
HasVarLatency: 1
IsPipeline: 0
IsRtlPipelined: 0
IsInstanceOverlapped: 0
IsDontTouch: 0
HasImplIP: 0
IsGatedGlobalClock: 0


============================================================
+ Verbose Summary: Schedule
============================================================
* Number of FSM states : 8
* Pipeline : 0
* Dataflow Pipeline: 0

* FSM state transitions: 
1 --> 2 
2 --> 3 
3 --> 4 2 
4 --> 5 3 
5 --> 6 
6 --> 7 
7 --> 8 
8 --> 4 

* FSM state operations: 

State 1 <SV = 0> <Delay = 0.38>
ST_1 : Operation 9 [1/1] (0.00ns)   --->   "%i = alloca i32 1"   --->   Operation 9 'alloca' 'i' <Predicate = true> <Delay = 0.00>
ST_1 : Operation 10 [1/1] (0.00ns)   --->   "%spectopmodule_ln48 = spectopmodule void @_ssdm_op_SpecTopModule, void @empty_1" [Design_Optimization/lab1/matrixmul.cpp:48]   --->   Operation 10 'spectopmodule' 'spectopmodule_ln48' <Predicate = true> <Delay = 0.00>
ST_1 : Operation 11 [1/1] (0.00ns)   --->   "%specinterface_ln0 = specinterface void @_ssdm_op_SpecInterface, i8 %a, void @empty, i32 0, i32 0, void @empty_0, i32 4294967295, i32 0, void @empty_0, void @empty_0, void @empty_0, i32 0, i32 0, i32 0, i32 0, void @empty_0, void @empty_0, i32 4294967295, i32 0"   --->   Operation 11 'specinterface' 'specinterface_ln0' <Predicate = true> <Delay = 0.00>
ST_1 : Operation 12 [1/1] (0.00ns)   --->   "%specbitsmap_ln0 = specbitsmap void @_ssdm_op_SpecBitsMap, i8 %a"   --->   Operation 12 'specbitsmap' 'specbitsmap_ln0' <Predicate = true> <Delay = 0.00>
ST_1 : Operation 13 [1/1] (0.00ns)   --->   "%specinterface_ln0 = specinterface void @_ssdm_op_SpecInterface, i8 %b, void @empty, i32 0, i32 0, void @empty_0, i32 4294967295, i32 0, void @empty_0, void @empty_0, void @empty_0, i32 0, i32 0, i32 0, i32 0, void @empty_0, void @empty_0, i32 4294967295, i32 0"   --->   Operation 13 'specinterface' 'specinterface_ln0' <Predicate = true> <Delay = 0.00>
ST_1 : Operation 14 [1/1] (0.00ns)   --->   "%specbitsmap_ln0 = specbitsmap void @_ssdm_op_SpecBitsMap, i8 %b"   --->   Operation 14 'specbitsmap' 'specbitsmap_ln0' <Predicate = true> <Delay = 0.00>
ST_1 : Operation 15 [1/1] (0.00ns)   --->   "%specinterface_ln0 = specinterface void @_ssdm_op_SpecInterface, i16 %res, void @empty, i32 0, i32 0, void @empty_0, i32 4294967295, i32 0, void @empty_0, void @empty_0, void @empty_0, i32 0, i32 0, i32 0, i32 0, void @empty_0, void @empty_0, i32 4294967295, i32 0"   --->   Operation 15 'specinterface' 'specinterface_ln0' <Predicate = true> <Delay = 0.00>
ST_1 : Operation 16 [1/1] (0.00ns)   --->   "%specbitsmap_ln0 = specbitsmap void @_ssdm_op_SpecBitsMap, i16 %res"   --->   Operation 16 'specbitsmap' 'specbitsmap_ln0' <Predicate = true> <Delay = 0.00>
ST_1 : Operation 17 [1/1] (0.38ns)   --->   "%store_ln54 = store i2 0, i2 %i" [Design_Optimization/lab1/matrixmul.cpp:54]   --->   Operation 17 'store' 'store_ln54' <Predicate = true> <Delay = 0.38>
ST_1 : Operation 18 [1/1] (0.00ns)   --->   "%br_ln54 = br void %Col" [Design_Optimization/lab1/matrixmul.cpp:54]   --->   Operation 18 'br' 'br_ln54' <Predicate = true> <Delay = 0.00>

State 2 <SV = 1> <Delay = 0.70>
ST_2 : Operation 19 [1/1] (0.00ns)   --->   "%i_1 = load i2 %i" [Design_Optimization/lab1/matrixmul.cpp:54]   --->   Operation 19 'load' 'i_1' <Predicate = true> <Delay = 0.00>
ST_2 : Operation 20 [1/1] (0.00ns)   --->   "%zext_ln60 = zext i2 %i_1" [Design_Optimization/lab1/matrixmul.cpp:60]   --->   Operation 20 'zext' 'zext_ln60' <Predicate = true> <Delay = 0.00>
ST_2 : Operation 21 [1/1] (0.00ns)   --->   "%tmp = bitconcatenate i4 @_ssdm_op_BitConcatenate.i4.i2.i2, i2 %i_1, i2 0" [Design_Optimization/lab1/matrixmul.cpp:60]   --->   Operation 21 'bitconcatenate' 'tmp' <Predicate = true> <Delay = 0.00>
ST_2 : Operation 22 [1/1] (0.70ns)   --->   "%sub_ln60 = sub i4 %tmp, i4 %zext_ln60" [Design_Optimization/lab1/matrixmul.cpp:60]   --->   Operation 22 'sub' 'sub_ln60' <Predicate = true> <Delay = 0.70> <CoreInst = "Adder">   --->   Core 1 'Adder' <Latency = 0> <II = 1> <Delay = 0.70> <FuncUnit> <Opcode : 'add' 'sub'> <InPorts = 2> <OutPorts = 1>
ST_2 : Operation 23 [1/1] (0.34ns)   --->   "%icmp_ln54 = icmp_eq  i2 %i_1, i2 3" [Design_Optimization/lab1/matrixmul.cpp:54]   --->   Operation 23 'icmp' 'icmp_ln54' <Predicate = true> <Delay = 0.34> <CoreInst = "Cmp">   --->   Core 9 'Cmp' <Latency = 0> <II = 1> <Delay = 0.34> <FuncUnit> <Opcode : 'icmp'> <InPorts = 2> <OutPorts = 1>
ST_2 : Operation 24 [1/1] (0.00ns)   --->   "%empty = speclooptripcount i32 @_ssdm_op_SpecLoopTripCount, i64 3, i64 3, i64 3"   --->   Operation 24 'speclooptripcount' 'empty' <Predicate = true> <Delay = 0.00>
ST_2 : Operation 25 [1/1] (0.43ns)   --->   "%add_ln54 = add i2 %i_1, i2 1" [Design_Optimization/lab1/matrixmul.cpp:54]   --->   Operation 25 'add' 'add_ln54' <Predicate = true> <Delay = 0.43> <CoreInst = "Adder">   --->   Core 1 'Adder' <Latency = 0> <II = 1> <Delay = 0.43> <FuncUnit> <Opcode : 'add' 'sub'> <InPorts = 2> <OutPorts = 1>
ST_2 : Operation 26 [1/1] (0.00ns)   --->   "%br_ln54 = br i1 %icmp_ln54, void %Col.split, void %for.end31" [Design_Optimization/lab1/matrixmul.cpp:54]   --->   Operation 26 'br' 'br_ln54' <Predicate = true> <Delay = 0.00>
ST_2 : Operation 27 [1/1] (0.00ns)   --->   "%specloopname_ln54 = specloopname void @_ssdm_op_SpecLoopName, void @empty_4" [Design_Optimization/lab1/matrixmul.cpp:54]   --->   Operation 27 'specloopname' 'specloopname_ln54' <Predicate = (!icmp_ln54)> <Delay = 0.00>
ST_2 : Operation 28 [1/1] (0.38ns)   --->   "%br_ln56 = br void %Product" [Design_Optimization/lab1/matrixmul.cpp:56]   --->   Operation 28 'br' 'br_ln56' <Predicate = (!icmp_ln54)> <Delay = 0.38>
ST_2 : Operation 29 [1/1] (0.00ns)   --->   "%ret_ln65 = ret" [Design_Optimization/lab1/matrixmul.cpp:65]   --->   Operation 29 'ret' 'ret_ln65' <Predicate = (icmp_ln54)> <Delay = 0.00>

State 3 <SV = 2> <Delay = 0.73>
ST_3 : Operation 30 [1/1] (0.00ns)   --->   "%j = phi i2 %add_ln56, void %for.inc26, i2 0, void %Col.split" [Design_Optimization/lab1/matrixmul.cpp:56]   --->   Operation 30 'phi' 'j' <Predicate = true> <Delay = 0.00>
ST_3 : Operation 31 [1/1] (0.00ns)   --->   "%zext_ln57 = zext i2 %j" [Design_Optimization/lab1/matrixmul.cpp:57]   --->   Operation 31 'zext' 'zext_ln57' <Predicate = true> <Delay = 0.00>
ST_3 : Operation 32 [1/1] (0.70ns)   --->   "%add_ln57 = add i4 %sub_ln60, i4 %zext_ln57" [Design_Optimization/lab1/matrixmul.cpp:57]   --->   Operation 32 'add' 'add_ln57' <Predicate = true> <Delay = 0.70> <CoreInst = "Adder">   --->   Core 1 'Adder' <Latency = 0> <II = 1> <Delay = 0.70> <FuncUnit> <Opcode : 'add' 'sub'> <InPorts = 2> <OutPorts = 1>
ST_3 : Operation 33 [1/1] (0.00ns)   --->   "%zext_ln57_1 = zext i4 %add_ln57" [Design_Optimization/lab1/matrixmul.cpp:57]   --->   Operation 33 'zext' 'zext_ln57_1' <Predicate = true> <Delay = 0.00>
ST_3 : Operation 34 [1/1] (0.00ns)   --->   "%res_addr = getelementptr i16 %res, i64 0, i64 %zext_ln57_1" [Design_Optimization/lab1/matrixmul.cpp:57]   --->   Operation 34 'getelementptr' 'res_addr' <Predicate = true> <Delay = 0.00>
ST_3 : Operation 35 [1/1] (0.34ns)   --->   "%icmp_ln56 = icmp_eq  i2 %j, i2 3" [Design_Optimization/lab1/matrixmul.cpp:56]   --->   Operation 35 'icmp' 'icmp_ln56' <Predicate = true> <Delay = 0.34> <CoreInst = "Cmp">   --->   Core 9 'Cmp' <Latency = 0> <II = 1> <Delay = 0.34> <FuncUnit> <Opcode : 'icmp'> <InPorts = 2> <OutPorts = 1>
ST_3 : Operation 36 [1/1] (0.00ns)   --->   "%empty_8 = speclooptripcount i32 @_ssdm_op_SpecLoopTripCount, i64 3, i64 3, i64 3"   --->   Operation 36 'speclooptripcount' 'empty_8' <Predicate = true> <Delay = 0.00>
ST_3 : Operation 37 [1/1] (0.43ns)   --->   "%add_ln56 = add i2 %j, i2 1" [Design_Optimization/lab1/matrixmul.cpp:56]   --->   Operation 37 'add' 'add_ln56' <Predicate = true> <Delay = 0.43> <CoreInst = "Adder">   --->   Core 1 'Adder' <Latency = 0> <II = 1> <Delay = 0.43> <FuncUnit> <Opcode : 'add' 'sub'> <InPorts = 2> <OutPorts = 1>
ST_3 : Operation 38 [1/1] (0.00ns)   --->   "%br_ln56 = br i1 %icmp_ln56, void %Product.split, void %for.inc29" [Design_Optimization/lab1/matrixmul.cpp:56]   --->   Operation 38 'br' 'br_ln56' <Predicate = true> <Delay = 0.00>
ST_3 : Operation 39 [1/1] (0.00ns)   --->   "%specloopname_ln56 = specloopname void @_ssdm_op_SpecLoopName, void @empty_3" [Design_Optimization/lab1/matrixmul.cpp:56]   --->   Operation 39 'specloopname' 'specloopname_ln56' <Predicate = (!icmp_ln56)> <Delay = 0.00>
ST_3 : Operation 40 [1/1] (0.38ns)   --->   "%br_ln59 = br void %for.inc" [Design_Optimization/lab1/matrixmul.cpp:59]   --->   Operation 40 'br' 'br_ln59' <Predicate = (!icmp_ln56)> <Delay = 0.38>
ST_3 : Operation 41 [1/1] (0.38ns)   --->   "%store_ln54 = store i2 %add_ln54, i2 %i" [Design_Optimization/lab1/matrixmul.cpp:54]   --->   Operation 41 'store' 'store_ln54' <Predicate = (icmp_ln56)> <Delay = 0.38>
ST_3 : Operation 42 [1/1] (0.00ns)   --->   "%br_ln54 = br void %Col" [Design_Optimization/lab1/matrixmul.cpp:54]   --->   Operation 42 'br' 'br_ln54' <Predicate = (icmp_ln56)> <Delay = 0.00>

State 4 <SV = 3> <Delay = 1.37>
ST_4 : Operation 43 [1/1] (0.00ns)   --->   "%k = phi i2 %add_ln59, void %for.inc.split, i2 0, void %Product.split" [Design_Optimization/lab1/matrixmul.cpp:59]   --->   Operation 43 'phi' 'k' <Predicate = true> <Delay = 0.00>
ST_4 : Operation 44 [1/1] (0.00ns)   --->   "%empty_9 = phi i16 %add_ln60, void %for.inc.split, i16 0, void %Product.split" [Design_Optimization/lab1/matrixmul.cpp:60]   --->   Operation 44 'phi' 'empty_9' <Predicate = true> <Delay = 0.00>
ST_4 : Operation 45 [1/1] (0.00ns)   --->   "%zext_ln60_1 = zext i2 %k" [Design_Optimization/lab1/matrixmul.cpp:60]   --->   Operation 45 'zext' 'zext_ln60_1' <Predicate = true> <Delay = 0.00>
ST_4 : Operation 46 [1/1] (0.70ns)   --->   "%add_ln60_1 = add i4 %sub_ln60, i4 %zext_ln60_1" [Design_Optimization/lab1/matrixmul.cpp:60]   --->   Operation 46 'add' 'add_ln60_1' <Predicate = true> <Delay = 0.70> <CoreInst = "Adder">   --->   Core 1 'Adder' <Latency = 0> <II = 1> <Delay = 0.70> <FuncUnit> <Opcode : 'add' 'sub'> <InPorts = 2> <OutPorts = 1>
ST_4 : Operation 47 [1/1] (0.00ns)   --->   "%zext_ln60_2 = zext i4 %add_ln60_1" [Design_Optimization/lab1/matrixmul.cpp:60]   --->   Operation 47 'zext' 'zext_ln60_2' <Predicate = true> <Delay = 0.00>
ST_4 : Operation 48 [1/1] (0.00ns)   --->   "%a_addr = getelementptr i8 %a, i64 0, i64 %zext_ln60_2" [Design_Optimization/lab1/matrixmul.cpp:60]   --->   Operation 48 'getelementptr' 'a_addr' <Predicate = true> <Delay = 0.00>
ST_4 : Operation 49 [1/1] (0.00ns)   --->   "%tmp_1 = bitconcatenate i4 @_ssdm_op_BitConcatenate.i4.i2.i2, i2 %k, i2 0" [Design_Optimization/lab1/matrixmul.cpp:60]   --->   Operation 49 'bitconcatenate' 'tmp_1' <Predicate = true> <Delay = 0.00>
ST_4 : Operation 50 [1/1] (0.00ns) (grouped into TernaryAdder)   --->   "%sub_ln60_1 = sub i4 %tmp_1, i4 %zext_ln60_1" [Design_Optimization/lab1/matrixmul.cpp:60]   --->   Operation 50 'sub' 'sub_ln60_1' <Predicate = true> <Delay = 0.00> <CoreInst = "TAddSub">   --->   Core 10 'TAddSub' <Latency = 0> <II = 1> <Delay = 0.18> <IPBlock> <Opcode : 'add' 'sub'> <InPorts = 3> <OutPorts = 1> <Sync> <CReg>
ST_4 : Operation 51 [1/1] (0.37ns) (root node of TernaryAdder)   --->   "%add_ln60_2 = add i4 %sub_ln60_1, i4 %zext_ln57" [Design_Optimization/lab1/matrixmul.cpp:60]   --->   Operation 51 'add' 'add_ln60_2' <Predicate = true> <Delay = 0.37> <CoreInst = "TAddSub">   --->   Core 10 'TAddSub' <Latency = 0> <II = 1> <Delay = 0.18> <IPBlock> <Opcode : 'add' 'sub'> <InPorts = 3> <OutPorts = 1> <Sync> <CReg>
ST_4 : Operation 52 [1/1] (0.00ns)   --->   "%zext_ln60_3 = zext i4 %add_ln60_2" [Design_Optimization/lab1/matrixmul.cpp:60]   --->   Operation 52 'zext' 'zext_ln60_3' <Predicate = true> <Delay = 0.00>
ST_4 : Operation 53 [1/1] (0.00ns)   --->   "%b_addr = getelementptr i8 %b, i64 0, i64 %zext_ln60_3" [Design_Optimization/lab1/matrixmul.cpp:60]   --->   Operation 53 'getelementptr' 'b_addr' <Predicate = true> <Delay = 0.00>
ST_4 : Operation 54 [1/1] (0.34ns)   --->   "%icmp_ln59 = icmp_eq  i2 %k, i2 3" [Design_Optimization/lab1/matrixmul.cpp:59]   --->   Operation 54 'icmp' 'icmp_ln59' <Predicate = true> <Delay = 0.34> <CoreInst = "Cmp">   --->   Core 9 'Cmp' <Latency = 0> <II = 1> <Delay = 0.34> <FuncUnit> <Opcode : 'icmp'> <InPorts = 2> <OutPorts = 1>
ST_4 : Operation 55 [1/1] (0.00ns)   --->   "%empty_10 = speclooptripcount i32 @_ssdm_op_SpecLoopTripCount, i64 3, i64 3, i64 3"   --->   Operation 55 'speclooptripcount' 'empty_10' <Predicate = true> <Delay = 0.00>
ST_4 : Operation 56 [1/1] (0.43ns)   --->   "%add_ln59 = add i2 %k, i2 1" [Design_Optimization/lab1/matrixmul.cpp:59]   --->   Operation 56 'add' 'add_ln59' <Predicate = true> <Delay = 0.43> <CoreInst = "Adder">   --->   Core 1 'Adder' <Latency = 0> <II = 1> <Delay = 0.43> <FuncUnit> <Opcode : 'add' 'sub'> <InPorts = 2> <OutPorts = 1>
ST_4 : Operation 57 [1/1] (0.00ns)   --->   "%br_ln59 = br i1 %icmp_ln59, void %for.inc.split, void %for.inc26" [Design_Optimization/lab1/matrixmul.cpp:59]   --->   Operation 57 'br' 'br_ln59' <Predicate = true> <Delay = 0.00>
ST_4 : Operation 58 [2/2] (0.66ns)   --->   "%a_load = load i4 %a_addr" [Design_Optimization/lab1/matrixmul.cpp:60]   --->   Operation 58 'load' 'a_load' <Predicate = (!icmp_ln59)> <Delay = 0.66> <CoreInst = "RAM">   --->   Core 83 'RAM' <Latency = 1> <II = 1> <Delay = 0.66> <Storage> <Opcode : 'load' 'store'> <Ports = 2> <Width = 8> <Depth = 9> <RAM>
ST_4 : Operation 59 [2/2] (0.66ns)   --->   "%b_load = load i4 %b_addr" [Design_Optimization/lab1/matrixmul.cpp:60]   --->   Operation 59 'load' 'b_load' <Predicate = (!icmp_ln59)> <Delay = 0.66> <CoreInst = "RAM">   --->   Core 83 'RAM' <Latency = 1> <II = 1> <Delay = 0.66> <Storage> <Opcode : 'load' 'store'> <Ports = 2> <Width = 8> <Depth = 9> <RAM>
ST_4 : Operation 60 [1/1] (0.68ns)   --->   "%store_ln60 = store i16 %empty_9, i4 %res_addr" [Design_Optimization/lab1/matrixmul.cpp:60]   --->   Operation 60 'store' 'store_ln60' <Predicate = (icmp_ln59)> <Delay = 0.68> <CoreInst = "RAM">   --->   Core 83 'RAM' <Latency = 1> <II = 1> <Delay = 0.68> <Storage> <Opcode : 'load' 'store'> <Ports = 2> <Width = 16> <Depth = 9> <RAM>
ST_4 : Operation 61 [1/1] (0.00ns)   --->   "%br_ln56 = br void %Product" [Design_Optimization/lab1/matrixmul.cpp:56]   --->   Operation 61 'br' 'br_ln56' <Predicate = (icmp_ln59)> <Delay = 0.00>

State 5 <SV = 4> <Delay = 1.66>
ST_5 : Operation 62 [1/2] (0.66ns)   --->   "%a_load = load i4 %a_addr" [Design_Optimization/lab1/matrixmul.cpp:60]   --->   Operation 62 'load' 'a_load' <Predicate = true> <Delay = 0.66> <CoreInst = "RAM">   --->   Core 83 'RAM' <Latency = 1> <II = 1> <Delay = 0.66> <Storage> <Opcode : 'load' 'store'> <Ports = 2> <Width = 8> <Depth = 9> <RAM>
ST_5 : Operation 63 [1/1] (0.00ns)   --->   "%sext_ln60 = sext i8 %a_load" [Design_Optimization/lab1/matrixmul.cpp:60]   --->   Operation 63 'sext' 'sext_ln60' <Predicate = true> <Delay = 0.00>
ST_5 : Operation 64 [1/2] (0.66ns)   --->   "%b_load = load i4 %b_addr" [Design_Optimization/lab1/matrixmul.cpp:60]   --->   Operation 64 'load' 'b_load' <Predicate = true> <Delay = 0.66> <CoreInst = "RAM">   --->   Core 83 'RAM' <Latency = 1> <II = 1> <Delay = 0.66> <Storage> <Opcode : 'load' 'store'> <Ports = 2> <Width = 8> <Depth = 9> <RAM>
ST_5 : Operation 65 [1/1] (0.00ns)   --->   "%sext_ln60_1 = sext i8 %b_load" [Design_Optimization/lab1/matrixmul.cpp:60]   --->   Operation 65 'sext' 'sext_ln60_1' <Predicate = true> <Delay = 0.00>
ST_5 : Operation 66 [3/3] (0.99ns) (grouped into DSP with root node add_ln60)   --->   "%mul_ln60 = mul i16 %sext_ln60_1, i16 %sext_ln60" [Design_Optimization/lab1/matrixmul.cpp:60]   --->   Operation 66 'mul' 'mul_ln60' <Predicate = true> <Delay = 0.99> <CoreInst = "DSP48">   --->   Core 127 'DSP48' <Latency = 3> <II = 1> <Delay = 0.53> <IPBlock> <Opcode : 'mul' 'add' 'sub' 'select'> <InPorts = 0> <OutPorts = 1> <Sync> <CReg>

State 6 <SV = 5> <Delay = 0.99>
ST_6 : Operation 67 [2/3] (0.99ns) (grouped into DSP with root node add_ln60)   --->   "%mul_ln60 = mul i16 %sext_ln60_1, i16 %sext_ln60" [Design_Optimization/lab1/matrixmul.cpp:60]   --->   Operation 67 'mul' 'mul_ln60' <Predicate = true> <Delay = 0.99> <CoreInst = "DSP48">   --->   Core 127 'DSP48' <Latency = 3> <II = 1> <Delay = 0.53> <IPBlock> <Opcode : 'mul' 'add' 'sub' 'select'> <InPorts = 0> <OutPorts = 1> <Sync> <CReg>

State 7 <SV = 6> <Delay = 0.64>
ST_7 : Operation 68 [1/3] (0.00ns) (grouped into DSP with root node add_ln60)   --->   "%mul_ln60 = mul i16 %sext_ln60_1, i16 %sext_ln60" [Design_Optimization/lab1/matrixmul.cpp:60]   --->   Operation 68 'mul' 'mul_ln60' <Predicate = true> <Delay = 0.00> <CoreInst = "DSP48">   --->   Core 127 'DSP48' <Latency = 3> <II = 1> <Delay = 0.53> <IPBlock> <Opcode : 'mul' 'add' 'sub' 'select'> <InPorts = 0> <OutPorts = 1> <Sync> <CReg>
ST_7 : Operation 69 [2/2] (0.64ns) (root node of the DSP)   --->   "%add_ln60 = add i16 %mul_ln60, i16 %empty_9" [Design_Optimization/lab1/matrixmul.cpp:60]   --->   Operation 69 'add' 'add_ln60' <Predicate = true> <Delay = 0.64> <CoreInst = "DSP48">   --->   Core 127 'DSP48' <Latency = 3> <II = 1> <Delay = 0.53> <IPBlock> <Opcode : 'mul' 'add' 'sub' 'select'> <InPorts = 0> <OutPorts = 1> <Sync> <CReg>

State 8 <SV = 7> <Delay = 0.64>
ST_8 : Operation 70 [1/1] (0.00ns)   --->   "%specloopname_ln59 = specloopname void @_ssdm_op_SpecLoopName, void @empty_2" [Design_Optimization/lab1/matrixmul.cpp:59]   --->   Operation 70 'specloopname' 'specloopname_ln59' <Predicate = true> <Delay = 0.00>
ST_8 : Operation 71 [1/2] (0.64ns) (root node of the DSP)   --->   "%add_ln60 = add i16 %mul_ln60, i16 %empty_9" [Design_Optimization/lab1/matrixmul.cpp:60]   --->   Operation 71 'add' 'add_ln60' <Predicate = true> <Delay = 0.64> <CoreInst = "DSP48">   --->   Core 127 'DSP48' <Latency = 3> <II = 1> <Delay = 0.53> <IPBlock> <Opcode : 'mul' 'add' 'sub' 'select'> <InPorts = 0> <OutPorts = 1> <Sync> <CReg>
ST_8 : Operation 72 [1/1] (0.00ns)   --->   "%br_ln59 = br void %for.inc" [Design_Optimization/lab1/matrixmul.cpp:59]   --->   Operation 72 'br' 'br_ln59' <Predicate = true> <Delay = 0.00>


============================================================
+ Verbose Summary: Binding
============================================================
STG Binding: 
---------------- STG Properties BEGIN ----------------
- Is combinational: 0
- Is one-state seq: 0
- Is datapath-only: 0
- Is pipelined: 0
- Is top level: 1
Port [ Return ] is wired: 1; IO mode=ap_ctrl_hs:ce=0
Port [ a]:  wired=1; compound=1; hidden=0; nouse=0; global=0; static=0; extern=0; dir=0; type=1; pingpong=0; private_global=0; MemPort=[13]; IO mode=ap_memory:ce=0
Port [ b]:  wired=1; compound=1; hidden=0; nouse=0; global=0; static=0; extern=0; dir=0; type=1; pingpong=0; private_global=0; MemPort=[13]; IO mode=ap_memory:ce=0
Port [ res]:  wired=1; compound=1; hidden=0; nouse=0; global=0; static=0; extern=0; dir=1; type=1; pingpong=0; private_global=0; MemPort=[03]; IO mode=ap_memory:ce=0
---------------- STG Properties END ------------------

---------------- Datapath Model BEGIN ----------------

<LifeTime>
<method=bitvector/>
i                  (alloca           ) [ 011111111]
spectopmodule_ln48 (spectopmodule    ) [ 000000000]
specinterface_ln0  (specinterface    ) [ 000000000]
specbitsmap_ln0    (specbitsmap      ) [ 000000000]
specinterface_ln0  (specinterface    ) [ 000000000]
specbitsmap_ln0    (specbitsmap      ) [ 000000000]
specinterface_ln0  (specinterface    ) [ 000000000]
specbitsmap_ln0    (specbitsmap      ) [ 000000000]
store_ln54         (store            ) [ 000000000]
br_ln54            (br               ) [ 000000000]
i_1                (load             ) [ 000000000]
zext_ln60          (zext             ) [ 000000000]
tmp                (bitconcatenate   ) [ 000000000]
sub_ln60           (sub              ) [ 000111111]
icmp_ln54          (icmp             ) [ 001111111]
empty              (speclooptripcount) [ 000000000]
add_ln54           (add              ) [ 000111111]
br_ln54            (br               ) [ 000000000]
specloopname_ln54  (specloopname     ) [ 000000000]
br_ln56            (br               ) [ 001111111]
ret_ln65           (ret              ) [ 000000000]
j                  (phi              ) [ 000100000]
zext_ln57          (zext             ) [ 000011111]
add_ln57           (add              ) [ 000000000]
zext_ln57_1        (zext             ) [ 000000000]
res_addr           (getelementptr    ) [ 000011111]
icmp_ln56          (icmp             ) [ 001111111]
empty_8            (speclooptripcount) [ 000000000]
add_ln56           (add              ) [ 001111111]
br_ln56            (br               ) [ 000000000]
specloopname_ln56  (specloopname     ) [ 000000000]
br_ln59            (br               ) [ 001111111]
store_ln54         (store            ) [ 000000000]
br_ln54            (br               ) [ 000000000]
k                  (phi              ) [ 000010000]
empty_9            (phi              ) [ 000011111]
zext_ln60_1        (zext             ) [ 000000000]
add_ln60_1         (add              ) [ 000000000]
zext_ln60_2        (zext             ) [ 000000000]
a_addr             (getelementptr    ) [ 000001000]
tmp_1              (bitconcatenate   ) [ 000000000]
sub_ln60_1         (sub              ) [ 000000000]
add_ln60_2         (add              ) [ 000000000]
zext_ln60_3        (zext             ) [ 000000000]
b_addr             (getelementptr    ) [ 000001000]
icmp_ln59          (icmp             ) [ 001111111]
empty_10           (speclooptripcount) [ 000000000]
add_ln59           (add              ) [ 001111111]
br_ln59            (br               ) [ 000000000]
store_ln60         (store            ) [ 000000000]
br_ln56            (br               ) [ 001111111]
a_load             (load             ) [ 000000000]
sext_ln60          (sext             ) [ 000000110]
b_load             (load             ) [ 000000000]
sext_ln60_1        (sext             ) [ 000000110]
mul_ln60           (mul              ) [ 000000001]
specloopname_ln59  (specloopname     ) [ 000000000]
add_ln60           (add              ) [ 001111111]
br_ln59            (br               ) [ 001111111]
</LifeTime>

<model>

<comp_list>
<comp id="0" class="1000" name="a">
<pin_list>
<pin id="1" dir="1" index="0" bw="1" slack="0"/>
</pin_list>
<bind>
<StgValue><ssdm name="a"/><MemPortTyVec>1 3 </MemPortTyVec>
</StgValue>
</bind>
</comp>

<comp id="2" class="1000" name="b">
<pin_list>
<pin id="3" dir="1" index="0" bw="1" slack="0"/>
</pin_list>
<bind>
<StgValue><ssdm name="b"/><MemPortTyVec>1 3 </MemPortTyVec>
</StgValue>
</bind>
</comp>

<comp id="4" class="1000" name="res">
<pin_list>
<pin id="5" dir="1" index="0" bw="1" slack="0"/>
</pin_list>
<bind>
<StgValue><ssdm name="res"/><MemPortTyVec>0 3 </MemPortTyVec>
</StgValue>
</bind>
</comp>

<comp id="6" class="1001" name="const_6">
<pin_list>
<pin id="7" dir="1" index="0" bw="1" slack="0"/>
</pin_list>
<bind>
<StgValue><ssdm name=""/></StgValue>
</bind>
</comp>

<comp id="8" class="1001" name="const_8">
<pin_list>
<pin id="9" dir="1" index="0" bw="1" slack="2147483647"/>
</pin_list>
<bind>
<StgValue><ssdm name="_ssdm_op_SpecTopModule"/></StgValue>
</bind>
</comp>

<comp id="10" class="1001" name="const_10">
<pin_list>
<pin id="11" dir="1" index="0" bw="1" slack="2147483647"/>
</pin_list>
<bind>
<StgValue><ssdm name="empty_1"/></StgValue>
</bind>
</comp>

<comp id="12" class="1001" name="const_12">
<pin_list>
<pin id="13" dir="1" index="0" bw="1" slack="2147483647"/>
</pin_list>
<bind>
<StgValue><ssdm name="_ssdm_op_SpecInterface"/></StgValue>
</bind>
</comp>

<comp id="14" class="1001" name="const_14">
<pin_list>
<pin id="15" dir="1" index="0" bw="1" slack="2147483647"/>
</pin_list>
<bind>
<StgValue><ssdm name="empty"/></StgValue>
</bind>
</comp>

<comp id="16" class="1001" name="const_16">
<pin_list>
<pin id="17" dir="1" index="0" bw="1" slack="2147483647"/>
</pin_list>
<bind>
<StgValue><ssdm name=""/></StgValue>
</bind>
</comp>

<comp id="18" class="1001" name="const_18">
<pin_list>
<pin id="19" dir="1" index="0" bw="1" slack="2147483647"/>
</pin_list>
<bind>
<StgValue><ssdm name="empty_0"/></StgValue>
</bind>
</comp>

<comp id="20" class="1001" name="const_20">
<pin_list>
<pin id="21" dir="1" index="0" bw="1" slack="2147483647"/>
</pin_list>
<bind>
<StgValue><ssdm name=""/></StgValue>
</bind>
</comp>

<comp id="22" class="1001" name="const_22">
<pin_list>
<pin id="23" dir="1" index="0" bw="1" slack="2147483647"/>
</pin_list>
<bind>
<StgValue><ssdm name="_ssdm_op_SpecBitsMap"/></StgValue>
</bind>
</comp>

<comp id="24" class="1001" name="const_24">
<pin_list>
<pin id="25" dir="1" index="0" bw="1" slack="0"/>
</pin_list>
<bind>
<StgValue><ssdm name=""/></StgValue>
</bind>
</comp>

<comp id="26" class="1001" name="const_26">
<pin_list>
<pin id="27" dir="1" index="0" bw="1" slack="0"/>
</pin_list>
<bind>
<StgValue><ssdm name="_ssdm_op_BitConcatenate.i4.i2.i2"/></StgValue>
</bind>
</comp>

<comp id="28" class="1001" name="const_28">
<pin_list>
<pin id="29" dir="1" index="0" bw="1" slack="0"/>
</pin_list>
<bind>
<StgValue><ssdm name=""/></StgValue>
</bind>
</comp>

<comp id="30" class="1001" name="const_30">
<pin_list>
<pin id="31" dir="1" index="0" bw="1" slack="2147483647"/>
</pin_list>
<bind>
<StgValue><ssdm name="_ssdm_op_SpecLoopTripCount"/></StgValue>
</bind>
</comp>

<comp id="32" class="1001" name="const_32">
<pin_list>
<pin id="33" dir="1" index="0" bw="1" slack="2147483647"/>
</pin_list>
<bind>
<StgValue><ssdm name=""/></StgValue>
</bind>
</comp>

<comp id="34" class="1001" name="const_34">
<pin_list>
<pin id="35" dir="1" index="0" bw="1" slack="0"/>
</pin_list>
<bind>
<StgValue><ssdm name=""/></StgValue>
</bind>
</comp>

<comp id="36" class="1001" name="const_36">
<pin_list>
<pin id="37" dir="1" index="0" bw="1" slack="2147483647"/>
</pin_list>
<bind>
<StgValue><ssdm name="_ssdm_op_SpecLoopName"/></StgValue>
</bind>
</comp>

<comp id="38" class="1001" name="const_38">
<pin_list>
<pin id="39" dir="1" index="0" bw="1" slack="2147483647"/>
</pin_list>
<bind>
<StgValue><ssdm name="empty_4"/></StgValue>
</bind>
</comp>

<comp id="40" class="1001" name="const_40">
<pin_list>
<pin id="41" dir="1" index="0" bw="1" slack="0"/>
</pin_list>
<bind>
<StgValue><ssdm name=""/></StgValue>
</bind>
</comp>

<comp id="42" class="1001" name="const_42">
<pin_list>
<pin id="43" dir="1" index="0" bw="1" slack="2147483647"/>
</pin_list>
<bind>
<StgValue><ssdm name="empty_3"/></StgValue>
</bind>
</comp>

<comp id="44" class="1001" name="const_44">
<pin_list>
<pin id="45" dir="1" index="0" bw="1" slack="1"/>
</pin_list>
<bind>
<StgValue><ssdm name=""/></StgValue>
</bind>
</comp>

<comp id="46" class="1001" name="const_46">
<pin_list>
<pin id="47" dir="1" index="0" bw="1" slack="2147483647"/>
</pin_list>
<bind>
<StgValue><ssdm name="empty_2"/></StgValue>
</bind>
</comp>

<comp id="48" class="1004" name="i_fu_48">
<pin_list>
<pin id="49" dir="0" index="0" bw="1" slack="0"/>
<pin id="50" dir="1" index="1" bw="2" slack="0"/>
</pin_list>
<bind>
<opcode="alloca(26) " fcode="alloca"/>
<opset="i/1 "/>
</bind>
</comp>

<comp id="52" class="1004" name="res_addr_gep_fu_52">
<pin_list>
<pin id="53" dir="0" index="0" bw="16" slack="0"/>
<pin id="54" dir="0" index="1" bw="1" slack="0"/>
<pin id="55" dir="0" index="2" bw="4" slack="0"/>
<pin id="56" dir="1" index="3" bw="4" slack="1"/>
</pin_list>
<bind>
<opcode="getelementptr(29) " fcode="getelementptr"/>
<opset="res_addr/3 "/>
</bind>
</comp>

<comp id="59" class="1004" name="a_addr_gep_fu_59">
<pin_list>
<pin id="60" dir="0" index="0" bw="8" slack="0"/>
<pin id="61" dir="0" index="1" bw="1" slack="0"/>
<pin id="62" dir="0" index="2" bw="4" slack="0"/>
<pin id="63" dir="1" index="3" bw="4" slack="0"/>
</pin_list>
<bind>
<opcode="getelementptr(29) " fcode="getelementptr"/>
<opset="a_addr/4 "/>
</bind>
</comp>

<comp id="66" class="1004" name="b_addr_gep_fu_66">
<pin_list>
<pin id="67" dir="0" index="0" bw="8" slack="0"/>
<pin id="68" dir="0" index="1" bw="1" slack="0"/>
<pin id="69" dir="0" index="2" bw="4" slack="0"/>
<pin id="70" dir="1" index="3" bw="4" slack="0"/>
</pin_list>
<bind>
<opcode="getelementptr(29) " fcode="getelementptr"/>
<opset="b_addr/4 "/>
</bind>
</comp>

<comp id="73" class="1004" name="grp_access_fu_73">
<pin_list>
<pin id="74" dir="0" index="0" bw="4" slack="0"/>
<pin id="75" dir="0" index="1" bw="8" slack="2147483647"/>
<pin id="76" dir="0" index="2" bw="0" slack="2147483647"/>
<pin id="77" dir="1" index="3" bw="8" slack="0"/>
</pin_list>
<bind>
<opcode="load(27) " fcode="load"/>
<opset="a_load/4 "/>
</bind>
</comp>

<comp id="79" class="1004" name="grp_access_fu_79">
<pin_list>
<pin id="80" dir="0" index="0" bw="4" slack="0"/>
<pin id="81" dir="0" index="1" bw="8" slack="2147483647"/>
<pin id="82" dir="0" index="2" bw="0" slack="2147483647"/>
<pin id="83" dir="1" index="3" bw="8" slack="0"/>
</pin_list>
<bind>
<opcode="load(27) " fcode="load"/>
<opset="b_load/4 "/>
</bind>
</comp>

<comp id="85" class="1004" name="store_ln60_access_fu_85">
<pin_list>
<pin id="86" dir="0" index="0" bw="4" slack="1"/>
<pin id="87" dir="0" index="1" bw="16" slack="0"/>
<pin id="88" dir="0" index="2" bw="0" slack="2147483647"/>
<pin id="89" dir="1" index="3" bw="16" slack="2147483647"/>
</pin_list>
<bind>
<opcode="store(28) " fcode="store"/>
<opset="store_ln60/4 "/>
</bind>
</comp>

<comp id="90" class="1005" name="j_reg_90">
<pin_list>
<pin id="91" dir="0" index="0" bw="2" slack="1"/>
<pin id="92" dir="1" index="1" bw="2" slack="1"/>
</pin_list>
<bind>
<opset="j (phireg) "/>
</bind>
</comp>

<comp id="94" class="1004" name="j_phi_fu_94">
<pin_list>
<pin id="95" dir="0" index="0" bw="2" slack="0"/>
<pin id="96" dir="0" index="1" bw="0" slack="2147483647"/>
<pin id="97" dir="0" index="2" bw="1" slack="1"/>
<pin id="98" dir="0" index="3" bw="0" slack="2147483647"/>
<pin id="99" dir="1" index="4" bw="2" slack="0"/>
</pin_list>
<bind>
<opcode="phi(47) " fcode="phi"/>
<opset="j/3 "/>
</bind>
</comp>

<comp id="101" class="1005" name="k_reg_101">
<pin_list>
<pin id="102" dir="0" index="0" bw="2" slack="1"/>
<pin id="103" dir="1" index="1" bw="2" slack="1"/>
</pin_list>
<bind>
<opset="k (phireg) "/>
</bind>
</comp>

<comp id="105" class="1004" name="k_phi_fu_105">
<pin_list>
<pin id="106" dir="0" index="0" bw="2" slack="0"/>
<pin id="107" dir="0" index="1" bw="0" slack="2147483647"/>
<pin id="108" dir="0" index="2" bw="1" slack="1"/>
<pin id="109" dir="0" index="3" bw="0" slack="2147483647"/>
<pin id="110" dir="1" index="4" bw="2" slack="0"/>
</pin_list>
<bind>
<opcode="phi(47) " fcode="phi"/>
<opset="k/4 "/>
</bind>
</comp>

<comp id="112" class="1005" name="empty_9_reg_112">
<pin_list>
<pin id="113" dir="0" index="0" bw="16" slack="1"/>
<pin id="114" dir="1" index="1" bw="16" slack="1"/>
</pin_list>
<bind>
<opset="empty_9 (phireg) "/>
</bind>
</comp>

<comp id="116" class="1004" name="empty_9_phi_fu_116">
<pin_list>
<pin id="117" dir="0" index="0" bw="16" slack="1"/>
<pin id="118" dir="0" index="1" bw="0" slack="2147483647"/>
<pin id="119" dir="0" index="2" bw="1" slack="1"/>
<pin id="120" dir="0" index="3" bw="0" slack="2147483647"/>
<pin id="121" dir="1" index="4" bw="16" slack="0"/>
</pin_list>
<bind>
<opcode="phi(47) " fcode="phi"/>
<opset="empty_9/4 "/>
</bind>
</comp>

<comp id="125" class="1004" name="store_ln54_store_fu_125">
<pin_list>
<pin id="126" dir="0" index="0" bw="1" slack="0"/>
<pin id="127" dir="0" index="1" bw="2" slack="0"/>
<pin id="128" dir="1" index="2" bw="0" slack="2147483647"/>
</pin_list>
<bind>
<opcode="store(28) " fcode="store"/>
<opset="store_ln54/1 "/>
</bind>
</comp>

<comp id="130" class="1004" name="i_1_load_fu_130">
<pin_list>
<pin id="131" dir="0" index="0" bw="2" slack="1"/>
<pin id="132" dir="1" index="1" bw="2" slack="0"/>
</pin_list>
<bind>
<opcode="load(27) " fcode="load"/>
<opset="i_1/2 "/>
</bind>
</comp>

<comp id="133" class="1004" name="zext_ln60_fu_133">
<pin_list>
<pin id="134" dir="0" index="0" bw="2" slack="0"/>
<pin id="135" dir="1" index="1" bw="4" slack="0"/>
</pin_list>
<bind>
<opcode="zext(34) " fcode="zext"/>
<opset="zext_ln60/2 "/>
</bind>
</comp>

<comp id="137" class="1004" name="tmp_fu_137">
<pin_list>
<pin id="138" dir="0" index="0" bw="4" slack="0"/>
<pin id="139" dir="0" index="1" bw="2" slack="0"/>
<pin id="140" dir="0" index="2" bw="1" slack="0"/>
<pin id="141" dir="1" index="3" bw="4" slack="0"/>
</pin_list>
<bind>
<opcode="bitconcatenate(1004) " fcode="bitconcatenate"/>
<opset="tmp/2 "/>
</bind>
</comp>

<comp id="145" class="1004" name="sub_ln60_fu_145">
<pin_list>
<pin id="146" dir="0" index="0" bw="4" slack="0"/>
<pin id="147" dir="0" index="1" bw="2" slack="0"/>
<pin id="148" dir="1" index="2" bw="4" slack="1"/>
</pin_list>
<bind>
<opcode="sub(10) " fcode="sub"/>
<opset="sub_ln60/2 "/>
</bind>
</comp>

<comp id="151" class="1004" name="icmp_ln54_fu_151">
<pin_list>
<pin id="152" dir="0" index="0" bw="2" slack="0"/>
<pin id="153" dir="0" index="1" bw="2" slack="0"/>
<pin id="154" dir="1" index="2" bw="1" slack="2147483647"/>
</pin_list>
<bind>
<opcode="icmp(45) " fcode="icmp"/>
<opset="icmp_ln54/2 "/>
</bind>
</comp>

<comp id="157" class="1004" name="add_ln54_fu_157">
<pin_list>
<pin id="158" dir="0" index="0" bw="2" slack="0"/>
<pin id="159" dir="0" index="1" bw="1" slack="0"/>
<pin id="160" dir="1" index="2" bw="2" slack="1"/>
</pin_list>
<bind>
<opcode="add(8) " fcode="add"/>
<opset="add_ln54/2 "/>
</bind>
</comp>

<comp id="163" class="1004" name="zext_ln57_fu_163">
<pin_list>
<pin id="164" dir="0" index="0" bw="2" slack="0"/>
<pin id="165" dir="1" index="1" bw="4" slack="0"/>
</pin_list>
<bind>
<opcode="zext(34) " fcode="zext"/>
<opset="zext_ln57/3 "/>
</bind>
</comp>

<comp id="167" class="1004" name="add_ln57_fu_167">
<pin_list>
<pin id="168" dir="0" index="0" bw="4" slack="1"/>
<pin id="169" dir="0" index="1" bw="2" slack="0"/>
<pin id="170" dir="1" index="2" bw="4" slack="0"/>
</pin_list>
<bind>
<opcode="add(8) " fcode="add"/>
<opset="add_ln57/3 "/>
</bind>
</comp>

<comp id="172" class="1004" name="zext_ln57_1_fu_172">
<pin_list>
<pin id="173" dir="0" index="0" bw="4" slack="0"/>
<pin id="174" dir="1" index="1" bw="64" slack="0"/>
</pin_list>
<bind>
<opcode="zext(34) " fcode="zext"/>
<opset="zext_ln57_1/3 "/>
</bind>
</comp>

<comp id="177" class="1004" name="icmp_ln56_fu_177">
<pin_list>
<pin id="178" dir="0" index="0" bw="2" slack="0"/>
<pin id="179" dir="0" index="1" bw="2" slack="0"/>
<pin id="180" dir="1" index="2" bw="1" slack="2147483647"/>
</pin_list>
<bind>
<opcode="icmp(45) " fcode="icmp"/>
<opset="icmp_ln56/3 "/>
</bind>
</comp>

<comp id="183" class="1004" name="add_ln56_fu_183">
<pin_list>
<pin id="184" dir="0" index="0" bw="2" slack="0"/>
<pin id="185" dir="0" index="1" bw="1" slack="0"/>
<pin id="186" dir="1" index="2" bw="2" slack="0"/>
</pin_list>
<bind>
<opcode="add(8) " fcode="add"/>
<opset="add_ln56/3 "/>
</bind>
</comp>

<comp id="189" class="1004" name="store_ln54_store_fu_189">
<pin_list>
<pin id="190" dir="0" index="0" bw="2" slack="1"/>
<pin id="191" dir="0" index="1" bw="2" slack="2"/>
<pin id="192" dir="1" index="2" bw="0" slack="2147483647"/>
</pin_list>
<bind>
<opcode="store(28) " fcode="store"/>
<opset="store_ln54/3 "/>
</bind>
</comp>

<comp id="193" class="1004" name="zext_ln60_1_fu_193">
<pin_list>
<pin id="194" dir="0" index="0" bw="2" slack="0"/>
<pin id="195" dir="1" index="1" bw="4" slack="0"/>
</pin_list>
<bind>
<opcode="zext(34) " fcode="zext"/>
<opset="zext_ln60_1/4 "/>
</bind>
</comp>

<comp id="197" class="1004" name="add_ln60_1_fu_197">
<pin_list>
<pin id="198" dir="0" index="0" bw="4" slack="2"/>
<pin id="199" dir="0" index="1" bw="2" slack="0"/>
<pin id="200" dir="1" index="2" bw="4" slack="0"/>
</pin_list>
<bind>
<opcode="add(8) " fcode="add"/>
<opset="add_ln60_1/4 "/>
</bind>
</comp>

<comp id="202" class="1004" name="zext_ln60_2_fu_202">
<pin_list>
<pin id="203" dir="0" index="0" bw="4" slack="0"/>
<pin id="204" dir="1" index="1" bw="64" slack="0"/>
</pin_list>
<bind>
<opcode="zext(34) " fcode="zext"/>
<opset="zext_ln60_2/4 "/>
</bind>
</comp>

<comp id="207" class="1004" name="tmp_1_fu_207">
<pin_list>
<pin id="208" dir="0" index="0" bw="4" slack="0"/>
<pin id="209" dir="0" index="1" bw="2" slack="0"/>
<pin id="210" dir="0" index="2" bw="1" slack="0"/>
<pin id="211" dir="1" index="3" bw="4" slack="0"/>
</pin_list>
<bind>
<opcode="bitconcatenate(1004) " fcode="bitconcatenate"/>
<opset="tmp_1/4 "/>
</bind>
</comp>

<comp id="215" class="1004" name="sub_ln60_1_fu_215">
<pin_list>
<pin id="216" dir="0" index="0" bw="4" slack="0"/>
<pin id="217" dir="0" index="1" bw="2" slack="0"/>
<pin id="218" dir="1" index="2" bw="4" slack="0"/>
</pin_list>
<bind>
<opcode="sub(10) " fcode="sub"/>
<opset="sub_ln60_1/4 "/>
</bind>
</comp>

<comp id="221" class="1004" name="add_ln60_2_fu_221">
<pin_list>
<pin id="222" dir="0" index="0" bw="4" slack="0"/>
<pin id="223" dir="0" index="1" bw="2" slack="1"/>
<pin id="224" dir="1" index="2" bw="4" slack="0"/>
</pin_list>
<bind>
<opcode="add(8) " fcode="add"/>
<opset="add_ln60_2/4 "/>
</bind>
</comp>

<comp id="226" class="1004" name="zext_ln60_3_fu_226">
<pin_list>
<pin id="227" dir="0" index="0" bw="4" slack="0"/>
<pin id="228" dir="1" index="1" bw="64" slack="0"/>
</pin_list>
<bind>
<opcode="zext(34) " fcode="zext"/>
<opset="zext_ln60_3/4 "/>
</bind>
</comp>

<comp id="231" class="1004" name="icmp_ln59_fu_231">
<pin_list>
<pin id="232" dir="0" index="0" bw="2" slack="0"/>
<pin id="233" dir="0" index="1" bw="2" slack="0"/>
<pin id="234" dir="1" index="2" bw="1" slack="2147483647"/>
</pin_list>
<bind>
<opcode="icmp(45) " fcode="icmp"/>
<opset="icmp_ln59/4 "/>
</bind>
</comp>

<comp id="237" class="1004" name="add_ln59_fu_237">
<pin_list>
<pin id="238" dir="0" index="0" bw="2" slack="0"/>
<pin id="239" dir="0" index="1" bw="1" slack="0"/>
<pin id="240" dir="1" index="2" bw="2" slack="0"/>
</pin_list>
<bind>
<opcode="add(8) " fcode="add"/>
<opset="add_ln59/4 "/>
</bind>
</comp>

<comp id="243" class="1004" name="sext_ln60_fu_243">
<pin_list>
<pin id="244" dir="0" index="0" bw="8" slack="0"/>
<pin id="245" dir="1" index="1" bw="16" slack="0"/>
</pin_list>
<bind>
<opcode="sext(35) " fcode="sext"/>
<opset="sext_ln60/5 "/>
</bind>
</comp>

<comp id="247" class="1004" name="sext_ln60_1_fu_247">
<pin_list>
<pin id="248" dir="0" index="0" bw="8" slack="0"/>
<pin id="249" dir="1" index="1" bw="16" slack="0"/>
</pin_list>
<bind>
<opcode="sext(35) " fcode="sext"/>
<opset="sext_ln60_1/5 "/>
</bind>
</comp>

<comp id="251" class="1007" name="grp_fu_251">
<pin_list>
<pin id="252" dir="0" index="0" bw="8" slack="0"/>
<pin id="253" dir="0" index="1" bw="8" slack="0"/>
<pin id="254" dir="0" index="2" bw="16" slack="3"/>
<pin id="255" dir="1" index="3" bw="16" slack="1"/>
</pin_list>
<bind>
<opcode="muladd(1172) " fcode="muladd"/>
<opset="mul_ln60/5 add_ln60/7 "/>
</bind>
</comp>

<comp id="259" class="1005" name="i_reg_259">
<pin_list>
<pin id="260" dir="0" index="0" bw="2" slack="0"/>
<pin id="261" dir="1" index="1" bw="2" slack="0"/>
</pin_list>
<bind>
<opset="i "/>
</bind>
</comp>

<comp id="266" class="1005" name="sub_ln60_reg_266">
<pin_list>
<pin id="267" dir="0" index="0" bw="4" slack="1"/>
<pin id="268" dir="1" index="1" bw="4" slack="1"/>
</pin_list>
<bind>
<opset="sub_ln60 "/>
</bind>
</comp>

<comp id="275" class="1005" name="add_ln54_reg_275">
<pin_list>
<pin id="276" dir="0" index="0" bw="2" slack="1"/>
<pin id="277" dir="1" index="1" bw="2" slack="1"/>
</pin_list>
<bind>
<opset="add_ln54 "/>
</bind>
</comp>

<comp id="280" class="1005" name="zext_ln57_reg_280">
<pin_list>
<pin id="281" dir="0" index="0" bw="4" slack="1"/>
<pin id="282" dir="1" index="1" bw="4" slack="1"/>
</pin_list>
<bind>
<opset="zext_ln57 "/>
</bind>
</comp>

<comp id="285" class="1005" name="res_addr_reg_285">
<pin_list>
<pin id="286" dir="0" index="0" bw="4" slack="1"/>
<pin id="287" dir="1" index="1" bw="4" slack="1"/>
</pin_list>
<bind>
<opset="res_addr "/>
</bind>
</comp>

<comp id="293" class="1005" name="add_ln56_reg_293">
<pin_list>
<pin id="294" dir="0" index="0" bw="2" slack="0"/>
<pin id="295" dir="1" index="1" bw="2" slack="0"/>
</pin_list>
<bind>
<opset="add_ln56 "/>
</bind>
</comp>

<comp id="298" class="1005" name="a_addr_reg_298">
<pin_list>
<pin id="299" dir="0" index="0" bw="4" slack="1"/>
<pin id="300" dir="1" index="1" bw="4" slack="1"/>
</pin_list>
<bind>
<opset="a_addr "/>
</bind>
</comp>

<comp id="303" class="1005" name="b_addr_reg_303">
<pin_list>
<pin id="304" dir="0" index="0" bw="4" slack="1"/>
<pin id="305" dir="1" index="1" bw="4" slack="1"/>
</pin_list>
<bind>
<opset="b_addr "/>
</bind>
</comp>

<comp id="311" class="1005" name="add_ln59_reg_311">
<pin_list>
<pin id="312" dir="0" index="0" bw="2" slack="0"/>
<pin id="313" dir="1" index="1" bw="2" slack="0"/>
</pin_list>
<bind>
<opset="add_ln59 "/>
</bind>
</comp>

<comp id="316" class="1005" name="sext_ln60_reg_316">
<pin_list>
<pin id="317" dir="0" index="0" bw="16" slack="1"/>
<pin id="318" dir="1" index="1" bw="16" slack="1"/>
</pin_list>
<bind>
<opset="sext_ln60 "/>
</bind>
</comp>

<comp id="321" class="1005" name="sext_ln60_1_reg_321">
<pin_list>
<pin id="322" dir="0" index="0" bw="16" slack="1"/>
<pin id="323" dir="1" index="1" bw="16" slack="1"/>
</pin_list>
<bind>
<opset="sext_ln60_1 "/>
</bind>
</comp>

<comp id="326" class="1005" name="add_ln60_reg_326">
<pin_list>
<pin id="327" dir="0" index="0" bw="16" slack="1"/>
<pin id="328" dir="1" index="1" bw="16" slack="1"/>
</pin_list>
<bind>
<opset="add_ln60 "/>
</bind>
</comp>

</comp_list>

<net_list>
<net id="51"><net_src comp="6" pin="0"/><net_sink comp="48" pin=0"/></net>

<net id="57"><net_src comp="4" pin="0"/><net_sink comp="52" pin=0"/></net>

<net id="58"><net_src comp="40" pin="0"/><net_sink comp="52" pin=1"/></net>

<net id="64"><net_src comp="0" pin="0"/><net_sink comp="59" pin=0"/></net>

<net id="65"><net_src comp="40" pin="0"/><net_sink comp="59" pin=1"/></net>

<net id="71"><net_src comp="2" pin="0"/><net_sink comp="66" pin=0"/></net>

<net id="72"><net_src comp="40" pin="0"/><net_sink comp="66" pin=1"/></net>

<net id="78"><net_src comp="59" pin="3"/><net_sink comp="73" pin=0"/></net>

<net id="84"><net_src comp="66" pin="3"/><net_sink comp="79" pin=0"/></net>

<net id="93"><net_src comp="24" pin="0"/><net_sink comp="90" pin=0"/></net>

<net id="100"><net_src comp="90" pin="1"/><net_sink comp="94" pin=2"/></net>

<net id="104"><net_src comp="24" pin="0"/><net_sink comp="101" pin=0"/></net>

<net id="111"><net_src comp="101" pin="1"/><net_sink comp="105" pin=2"/></net>

<net id="115"><net_src comp="44" pin="0"/><net_sink comp="112" pin=0"/></net>

<net id="122"><net_src comp="112" pin="1"/><net_sink comp="116" pin=2"/></net>

<net id="123"><net_src comp="116" pin="4"/><net_sink comp="85" pin=1"/></net>

<net id="124"><net_src comp="116" pin="4"/><net_sink comp="112" pin=0"/></net>

<net id="129"><net_src comp="24" pin="0"/><net_sink comp="125" pin=0"/></net>

<net id="136"><net_src comp="130" pin="1"/><net_sink comp="133" pin=0"/></net>

<net id="142"><net_src comp="26" pin="0"/><net_sink comp="137" pin=0"/></net>

<net id="143"><net_src comp="130" pin="1"/><net_sink comp="137" pin=1"/></net>

<net id="144"><net_src comp="24" pin="0"/><net_sink comp="137" pin=2"/></net>

<net id="149"><net_src comp="137" pin="3"/><net_sink comp="145" pin=0"/></net>

<net id="150"><net_src comp="133" pin="1"/><net_sink comp="145" pin=1"/></net>

<net id="155"><net_src comp="130" pin="1"/><net_sink comp="151" pin=0"/></net>

<net id="156"><net_src comp="28" pin="0"/><net_sink comp="151" pin=1"/></net>

<net id="161"><net_src comp="130" pin="1"/><net_sink comp="157" pin=0"/></net>

<net id="162"><net_src comp="34" pin="0"/><net_sink comp="157" pin=1"/></net>

<net id="166"><net_src comp="94" pin="4"/><net_sink comp="163" pin=0"/></net>

<net id="171"><net_src comp="163" pin="1"/><net_sink comp="167" pin=1"/></net>

<net id="175"><net_src comp="167" pin="2"/><net_sink comp="172" pin=0"/></net>

<net id="176"><net_src comp="172" pin="1"/><net_sink comp="52" pin=2"/></net>

<net id="181"><net_src comp="94" pin="4"/><net_sink comp="177" pin=0"/></net>

<net id="182"><net_src comp="28" pin="0"/><net_sink comp="177" pin=1"/></net>

<net id="187"><net_src comp="94" pin="4"/><net_sink comp="183" pin=0"/></net>

<net id="188"><net_src comp="34" pin="0"/><net_sink comp="183" pin=1"/></net>

<net id="196"><net_src comp="105" pin="4"/><net_sink comp="193" pin=0"/></net>

<net id="201"><net_src comp="193" pin="1"/><net_sink comp="197" pin=1"/></net>

<net id="205"><net_src comp="197" pin="2"/><net_sink comp="202" pin=0"/></net>

<net id="206"><net_src comp="202" pin="1"/><net_sink comp="59" pin=2"/></net>

<net id="212"><net_src comp="26" pin="0"/><net_sink comp="207" pin=0"/></net>

<net id="213"><net_src comp="105" pin="4"/><net_sink comp="207" pin=1"/></net>

<net id="214"><net_src comp="24" pin="0"/><net_sink comp="207" pin=2"/></net>

<net id="219"><net_src comp="207" pin="3"/><net_sink comp="215" pin=0"/></net>

<net id="220"><net_src comp="193" pin="1"/><net_sink comp="215" pin=1"/></net>

<net id="225"><net_src comp="215" pin="2"/><net_sink comp="221" pin=0"/></net>

<net id="229"><net_src comp="221" pin="2"/><net_sink comp="226" pin=0"/></net>

<net id="230"><net_src comp="226" pin="1"/><net_sink comp="66" pin=2"/></net>

<net id="235"><net_src comp="105" pin="4"/><net_sink comp="231" pin=0"/></net>

<net id="236"><net_src comp="28" pin="0"/><net_sink comp="231" pin=1"/></net>

<net id="241"><net_src comp="105" pin="4"/><net_sink comp="237" pin=0"/></net>

<net id="242"><net_src comp="34" pin="0"/><net_sink comp="237" pin=1"/></net>

<net id="246"><net_src comp="73" pin="3"/><net_sink comp="243" pin=0"/></net>

<net id="250"><net_src comp="79" pin="3"/><net_sink comp="247" pin=0"/></net>

<net id="256"><net_src comp="247" pin="1"/><net_sink comp="251" pin=0"/></net>

<net id="257"><net_src comp="243" pin="1"/><net_sink comp="251" pin=1"/></net>

<net id="258"><net_src comp="112" pin="1"/><net_sink comp="251" pin=2"/></net>

<net id="262"><net_src comp="48" pin="1"/><net_sink comp="259" pin=0"/></net>

<net id="263"><net_src comp="259" pin="1"/><net_sink comp="125" pin=1"/></net>

<net id="264"><net_src comp="259" pin="1"/><net_sink comp="130" pin=0"/></net>

<net id="265"><net_src comp="259" pin="1"/><net_sink comp="189" pin=1"/></net>

<net id="269"><net_src comp="145" pin="2"/><net_sink comp="266" pin=0"/></net>

<net id="270"><net_src comp="266" pin="1"/><net_sink comp="167" pin=0"/></net>

<net id="271"><net_src comp="266" pin="1"/><net_sink comp="197" pin=0"/></net>

<net id="278"><net_src comp="157" pin="2"/><net_sink comp="275" pin=0"/></net>

<net id="279"><net_src comp="275" pin="1"/><net_sink comp="189" pin=0"/></net>

<net id="283"><net_src comp="163" pin="1"/><net_sink comp="280" pin=0"/></net>

<net id="284"><net_src comp="280" pin="1"/><net_sink comp="221" pin=1"/></net>

<net id="288"><net_src comp="52" pin="3"/><net_sink comp="285" pin=0"/></net>

<net id="289"><net_src comp="285" pin="1"/><net_sink comp="85" pin=0"/></net>

<net id="296"><net_src comp="183" pin="2"/><net_sink comp="293" pin=0"/></net>

<net id="297"><net_src comp="293" pin="1"/><net_sink comp="94" pin=0"/></net>

<net id="301"><net_src comp="59" pin="3"/><net_sink comp="298" pin=0"/></net>

<net id="302"><net_src comp="298" pin="1"/><net_sink comp="73" pin=0"/></net>

<net id="306"><net_src comp="66" pin="3"/><net_sink comp="303" pin=0"/></net>

<net id="307"><net_src comp="303" pin="1"/><net_sink comp="79" pin=0"/></net>

<net id="314"><net_src comp="237" pin="2"/><net_sink comp="311" pin=0"/></net>

<net id="315"><net_src comp="311" pin="1"/><net_sink comp="105" pin=0"/></net>

<net id="319"><net_src comp="243" pin="1"/><net_sink comp="316" pin=0"/></net>

<net id="320"><net_src comp="316" pin="1"/><net_sink comp="251" pin=1"/></net>

<net id="324"><net_src comp="247" pin="1"/><net_sink comp="321" pin=0"/></net>

<net id="325"><net_src comp="321" pin="1"/><net_sink comp="251" pin=0"/></net>

<net id="329"><net_src comp="251" pin="3"/><net_sink comp="326" pin=0"/></net>

<net id="330"><net_src comp="326" pin="1"/><net_sink comp="116" pin=0"/></net>

</net_list>

</model> 
---------------- Datapath Model END ------------------

* FSMD analyzer results:
  - Output states:
	Port: res | {4 }
 - Input state : 
	Port: matrixmul : a | {4 5 }
	Port: matrixmul : b | {4 5 }
  - Chain level:
	State 1
		store_ln54 : 1
	State 2
		zext_ln60 : 1
		tmp : 1
		sub_ln60 : 2
		icmp_ln54 : 1
		add_ln54 : 1
		br_ln54 : 2
	State 3
		zext_ln57 : 1
		add_ln57 : 2
		zext_ln57_1 : 3
		res_addr : 4
		icmp_ln56 : 1
		add_ln56 : 1
		br_ln56 : 2
	State 4
		zext_ln60_1 : 1
		add_ln60_1 : 2
		zext_ln60_2 : 3
		a_addr : 4
		tmp_1 : 1
		sub_ln60_1 : 2
		add_ln60_2 : 3
		zext_ln60_3 : 4
		b_addr : 5
		icmp_ln59 : 1
		add_ln59 : 1
		br_ln59 : 2
		a_load : 5
		b_load : 6
		store_ln60 : 1
	State 5
		sext_ln60 : 1
		sext_ln60_1 : 1
		mul_ln60 : 2
	State 6
	State 7
		add_ln60 : 1
	State 8


============================================================
+ Verbose Summary: Datapath Resource usage 
============================================================

* Functional unit list:
|----------|--------------------|---------|---------|---------|
| Operation|   Functional Unit  |   DSP   |    FF   |   LUT   |
|----------|--------------------|---------|---------|---------|
|          |   add_ln54_fu_157  |    0    |    0    |    9    |
|          |   add_ln57_fu_167  |    0    |    0    |    12   |
|    add   |   add_ln56_fu_183  |    0    |    0    |    9    |
|          |  add_ln60_1_fu_197 |    0    |    0    |    12   |
|          |  add_ln60_2_fu_221 |    0    |    0    |    7    |
|          |   add_ln59_fu_237  |    0    |    0    |    9    |
|----------|--------------------|---------|---------|---------|
|          |  icmp_ln54_fu_151  |    0    |    0    |    8    |
|   icmp   |  icmp_ln56_fu_177  |    0    |    0    |    8    |
|          |  icmp_ln59_fu_231  |    0    |    0    |    8    |
|----------|--------------------|---------|---------|---------|
|    sub   |   sub_ln60_fu_145  |    0    |    0    |    12   |
|          |  sub_ln60_1_fu_215 |    0    |    0    |    7    |
|----------|--------------------|---------|---------|---------|
|  muladd  |     grp_fu_251     |    1    |    0    |    0    |
|----------|--------------------|---------|---------|---------|
|          |  zext_ln60_fu_133  |    0    |    0    |    0    |
|          |  zext_ln57_fu_163  |    0    |    0    |    0    |
|   zext   | zext_ln57_1_fu_172 |    0    |    0    |    0    |
|          | zext_ln60_1_fu_193 |    0    |    0    |    0    |
|          | zext_ln60_2_fu_202 |    0    |    0    |    0    |
|          | zext_ln60_3_fu_226 |    0    |    0    |    0    |
|----------|--------------------|---------|---------|---------|
|bitconcatenate|     tmp_fu_137     |    0    |    0    |    0    |
|          |    tmp_1_fu_207    |    0    |    0    |    0    |
|----------|--------------------|---------|---------|---------|
|   sext   |  sext_ln60_fu_243  |    0    |    0    |    0    |
|          | sext_ln60_1_fu_247 |    0    |    0    |    0    |
|----------|--------------------|---------|---------|---------|
|   Total  |                    |    1    |    0    |   101   |
|----------|--------------------|---------|---------|---------|

Memories:
N/A

* Register list:
+-------------------+--------+
|                   |   FF   |
+-------------------+--------+
|   a_addr_reg_298  |    4   |
|  add_ln54_reg_275 |    2   |
|  add_ln56_reg_293 |    2   |
|  add_ln59_reg_311 |    2   |
|  add_ln60_reg_326 |   16   |
|   b_addr_reg_303  |    4   |
|  empty_9_reg_112  |   16   |
|     i_reg_259     |    2   |
|      j_reg_90     |    2   |
|     k_reg_101     |    2   |
|  res_addr_reg_285 |    4   |
|sext_ln60_1_reg_321|   16   |
| sext_ln60_reg_316 |   16   |
|  sub_ln60_reg_266 |    4   |
| zext_ln57_reg_280 |    4   |
+-------------------+--------+
|       Total       |   96   |
+-------------------+--------+

* Multiplexer (MUX) list: 
|------------------|------|------|------|--------||---------||---------|
|       Comp       |  Pin | Size |  BW  | S x BW ||  Delay  ||   LUT   |
|------------------|------|------|------|--------||---------||---------|
| grp_access_fu_73 |  p0  |   2  |   4  |    8   ||    9    |
| grp_access_fu_79 |  p0  |   2  |   4  |    8   ||    9    |
|  empty_9_reg_112 |  p0  |   2  |  16  |   32   ||    9    |
|    grp_fu_251    |  p0  |   2  |   8  |   16   ||    9    |
|    grp_fu_251    |  p1  |   2  |   8  |   16   ||    9    |
|------------------|------|------|------|--------||---------||---------|
|       Total      |      |      |      |   80   ||  1.935  ||    45   |
|------------------|------|------|------|--------||---------||---------|



* Summary:
+-----------+--------+--------+--------+--------+
|           |   DSP  |  Delay |   FF   |   LUT  |
+-----------+--------+--------+--------+--------+
|  Function |    1   |    -   |    0   |   101  |
|   Memory  |    -   |    -   |    -   |    -   |
|Multiplexer|    -   |    1   |    -   |   45   |
|  Register |    -   |    -   |   96   |    -   |
+-----------+--------+--------+--------+--------+
|   Total   |    1   |    1   |   96   |   146  |
+-----------+--------+--------+--------+--------+
